// Jest Snapshot v1, https://goo.gl/fbAQLP

exports[`components/devices/deviceListCell matches snapshot while loading 1`] = `
<div
  className="device-list-cell-container"
  data-selection-index={1}
>
  <div
    className="device-list-cell-container-content"
  >
    <span>
      common.loading
    </span>
  </div>
</div>
`;
