// Jest Snapshot v1, https://goo.gl/fbAQLP

exports[`components/devices/DeviceQueryClause matches snapshot 1`] = `
<section
  className="search-pill active no-operator"
  key="query-0"
>
  <StyledWithResponsiveMode
    ariaLabel="deviceLists.query.searchPills.clause.parameterType.ariaLabel"
    className="parameter-type"
    componentRef={
      Object {
        "current": null,
      }
    }
    onChange={[Function]}
    options={
      Array [
        Object {
          "key": "capabilities.iotEdge",
          "text": "deviceLists.query.searchPills.clause.parameterType.items.edge",
        },
        Object {
          "key": "status",
          "text": "deviceLists.query.searchPills.clause.parameterType.items.status",
        },
        Object {
          "key": "dcm",
          "text": "deviceLists.query.searchPills.clause.parameterType.items.capabilityModelId",
        },
        Object {
          "key": "interface",
          "text": "deviceLists.query.searchPills.clause.parameterType.items.interfaceId",
        },
      ]
    }
    title="deviceLists.query.searchPills.clause.parameterType.title"
  />
  <StyledWithResponsiveMode
    ariaLabel="deviceLists.query.searchPills.clause.value.title"
    className="clause-value"
    onChange={[Function]}
    options={
      Array [
        Object {
          "key": "enabled",
          "text": "deviceLists.query.searchPills.clause.value.deviceStatus.enabled",
        },
        Object {
          "key": "disabled",
          "text": "deviceLists.query.searchPills.clause.value.deviceStatus.disabled",
        },
      ]
    }
    selectedKey="enabled"
    title="deviceLists.query.searchPills.clause.value.title"
  />
  <CustomizedIconButton
    ariaLabel="deviceLists.query.searchPills.clause.remove.ariaLabel"
    className="remove-pill"
    data={0}
    iconProps={
      Object {
        "iconName": "Clear",
      }
    }
    onClick={[Function]}
    title="deviceLists.query.searchPills.clause.remove.title"
    type="button"
  />
</section>
`;

exports[`components/devices/DeviceQueryClause matches snapshot without operation 1`] = `
<section
  className="search-pill active no-operator"
  key="query-0"
>
  <StyledWithResponsiveMode
    ariaLabel="deviceLists.query.searchPills.clause.parameterType.ariaLabel"
    className="parameter-type"
    componentRef={
      Object {
        "current": null,
      }
    }
    onChange={[Function]}
    options={
      Array [
        Object {
          "key": "capabilities.iotEdge",
          "text": "deviceLists.query.searchPills.clause.parameterType.items.edge",
        },
        Object {
          "key": "status",
          "text": "deviceLists.query.searchPills.clause.parameterType.items.status",
        },
        Object {
          "key": "dcm",
          "text": "deviceLists.query.searchPills.clause.parameterType.items.capabilityModelId",
        },
        Object {
          "key": "interface",
          "text": "deviceLists.query.searchPills.clause.parameterType.items.interfaceId",
        },
      ]
    }
    title="deviceLists.query.searchPills.clause.parameterType.title"
  />
  <StyledTextFieldBase
    ariaLabel="deviceLists.query.searchPills.clause.value.title"
    className="clause-value"
    onChange={[Function]}
    placeholder="deviceLists.query.searchPills.clause.value.placeholder"
    required={true}
    title="deviceLists.query.searchPills.clause.value.title"
  />
  <CustomizedIconButton
    ariaLabel="deviceLists.query.searchPills.clause.remove.ariaLabel"
    className="remove-pill"
    data={0}
    iconProps={
      Object {
        "iconName": "Clear",
      }
    }
    onClick={[Function]}
    title="deviceLists.query.searchPills.clause.remove.title"
    type="button"
  />
</section>
`;

exports[`components/devices/DeviceQueryClause matches snapshot without operation 2`] = `
<section
  className="search-pill active no-operator"
  key="query-0"
>
  <StyledWithResponsiveMode
    ariaLabel="deviceLists.query.searchPills.clause.parameterType.ariaLabel"
    className="parameter-type"
    componentRef={
      Object {
        "current": null,
      }
    }
    onChange={[Function]}
    options={
      Array [
        Object {
          "key": "capabilities.iotEdge",
          "text": "deviceLists.query.searchPills.clause.parameterType.items.edge",
        },
        Object {
          "key": "status",
          "text": "deviceLists.query.searchPills.clause.parameterType.items.status",
        },
        Object {
          "key": "dcm",
          "text": "deviceLists.query.searchPills.clause.parameterType.items.capabilityModelId",
        },
        Object {
          "key": "interface",
          "text": "deviceLists.query.searchPills.clause.parameterType.items.interfaceId",
        },
      ]
    }
    title="deviceLists.query.searchPills.clause.parameterType.title"
  />
  <StyledWithResponsiveMode
    ariaLabel="deviceLists.query.searchPills.clause.value.title"
    className="clause-value"
    onChange={[Function]}
    options={
      Array [
        Object {
          "ariaLabel": "deviceLists.query.searchPills.clause.value.deviceCapability.edge",
          "key": "true",
          "text": "deviceLists.query.searchPills.clause.value.deviceCapability.edge",
        },
        Object {
          "ariaLabel": "deviceLists.query.searchPills.clause.value.deviceCapability.nonEdge",
          "key": "false",
          "text": "deviceLists.query.searchPills.clause.value.deviceCapability.nonEdge",
        },
      ]
    }
    selectedKey="true"
    title="deviceLists.query.searchPills.clause.value.title"
  />
  <CustomizedIconButton
    ariaLabel="deviceLists.query.searchPills.clause.remove.ariaLabel"
    className="remove-pill"
    data={0}
    iconProps={
      Object {
        "iconName": "Clear",
      }
    }
    onClick={[Function]}
    title="deviceLists.query.searchPills.clause.remove.title"
    type="button"
  />
</section>
`;
