// Jest Snapshot v1, https://goo.gl/fbAQLP

exports[`DeviceListQuery matches snapshot 1`] = `
<section
  className="deviceList-query"
  role="search"
>
  <div
    className="deviceId-search"
  >
    <StyledTextFieldBase
      ariaLabel="deviceLists.query.deviceId.ariaLabel"
      borderless={true}
      className="search-box"
      iconProps={
        Object {
          "iconName": "Search",
        }
      }
      onChange={[Function]}
      onKeyUp={[Function]}
      placeholder="deviceLists.query.deviceId.placeholder"
      role="searchbox"
      value=""
    />
    <CustomizedIconButton
      ariaLabel="deviceLists.query.deviceId.searchButton.ariaLabel"
      className="search-button"
      disabled={false}
      iconProps={
        Object {
          "iconName": "Forward",
        }
      }
      onClick={[Function]}
      title="deviceLists.query.deviceId.searchButton.title"
      type="submit"
    />
  </div>
  <div
    className="clauses"
  >
    <CustomizedActionButton
      ariaLabel="deviceLists.query.searchPills.add.ariaLabel"
      className="search-pill"
      iconProps={
        Object {
          "iconName": "Filter",
        }
      }
      onClick={[Function]}
      type="button"
    >
      deviceLists.query.searchPills.add.text
    </CustomizedActionButton>
  </div>
</section>
`;
