// Jest Snapshot v1, https://goo.gl/fbAQLP

exports[`login/components/connectivityPane matches snapshot 1`] = `
<div
  className="connectivity-pane"
  role="main"
>
  <div
    className="main"
    role="dialog"
  >
    <h1>
      connectivityPane.header
    </h1>
    <HubConnectionStringSection
      addNotification={[MockFunction]}
      connectionString="testConnectionString"
      connectionStringError=""
      connectionStringList={
        Array [
          "testConnectionString",
        ]
      }
      onChangeConnectionString={[Function]}
      onRemoveConnectionString={[Function]}
    />
    <div
      className="notes"
    >
      <Text>
        connectivityPane.notes
      </Text>
    </div>
    <div
      className="connection-button"
    >
      <CustomizedPrimaryButton
        disabled={false}
        onClick={[Function]}
      >
        connectivityPane.saveButton.label
      </CustomizedPrimaryButton>
    </div>
    <AppVersionMessageBar />
  </div>
</div>
`;
