// Jest Snapshot v1, https://goo.gl/fbAQLP

exports[`devices/components/deviceTwin snapshot matches snapshot 1`] = `
<Fragment>
  <StyledCommandBarBase
    className="command"
    items={
      Array [
        Object {
          "ariaLabel": "deviceTwin.command.refresh",
          "iconProps": Object {
            "iconName": "Refresh",
          },
          "key": "Refresh",
          "name": "deviceTwin.command.refresh",
          "onClick": [Function],
        },
        Object {
          "ariaLabel": "deviceTwin.command.save",
          "disabled": true,
          "iconProps": Object {
            "iconName": "Save",
          },
          "key": "Save",
          "name": "deviceTwin.command.save",
          "onClick": [Function],
        },
      ]
    }
  />
  <HeaderView
    headerText="deviceTwin.headerText"
    tooltip="deviceTwin.tooltip"
  />
  <article
    className="device-twin device-detail"
  >
    <JSONEditor
      className="json-editor"
      content="{
	\\"deviceEtag\\": \\"\\",
	\\"deviceId\\": \\"test\\",
	\\"etag\\": \\"AAAAAAAAAAE=\\",
	\\"status\\": \\"enabled\\",
	\\"statusUpdateTime\\": \\"0001-01-01T00:00:00Z\\",
	\\"connectionState\\": \\"Disconnected\\",
	\\"lastActivityTime\\": \\"0001-01-01T00:00:00Z\\",
	\\"cloudToDeviceMessageCount\\": 0,
	\\"authenticationType\\": \\"sas\\",
	\\"x509Thumbprint\\": {
		\\"primaryThumbprint\\": null,
		\\"secondaryThumbprint\\": null
	},
	\\"properties\\": {},
	\\"capabilities\\": {
		\\"iotEdge\\": false
	},
	\\"version\\": 1
}"
      onChange={[Function]}
    />
  </article>
</Fragment>
`;
