// Jest Snapshot v1, https://goo.gl/fbAQLP

exports[`devicePropertiesPerInterface matches snapshot 1`] = `
<div
  className="pnp-detail-list scrollable-lg ms-Grid"
>
  <div
    className="list-detail pnp-properties"
  >
    <StyledWithViewportComponent
      checkboxVisibility={2}
      columns={
        Array [
          Object {
            "fieldName": "name",
            "isMultiline": true,
            "isResizable": true,
            "key": "name",
            "maxWidth": 500,
            "minWidth": 100,
            "name": "deviceProperties.columns.name",
          },
          Object {
            "fieldName": "schema",
            "isMultiline": true,
            "isResizable": true,
            "key": "schema",
            "maxWidth": 200,
            "minWidth": 100,
            "name": "deviceProperties.columns.schema",
          },
          Object {
            "fieldName": "unit",
            "isMultiline": true,
            "isResizable": true,
            "key": "unit",
            "maxWidth": 200,
            "minWidth": 100,
            "name": "deviceProperties.columns.unit",
          },
          Object {
            "fieldName": "value",
            "isMultiline": true,
            "isResizable": true,
            "key": "value",
            "minWidth": 150,
            "name": "deviceProperties.columns.value",
          },
        ]
      }
      items={
        Array [
          Object {
            "propertyModelDefinition": Object {
              "@type": "Property",
              "description": "Current temperature reported from the device.",
              "displayName": "Current Temperature",
              "name": "currentTemperature",
              "schema": "double",
              "writable": false,
            },
            "propertySchema": Object {
              "required": null,
              "title": "Current temperature reported from the device.",
              "type": "number",
            },
            "reportedTwin": 12.5,
          },
        ]
      }
      layoutMode={1}
      onRenderItemColumn={[Function]}
    />
  </div>
</div>
`;
