// Jest Snapshot v1, https://goo.gl/fbAQLP

exports[`BreadcrumbWrapper matches snapshot 1`] = `<Fragment />`;
