// Jest Snapshot v1, https://goo.gl/fbAQLP

exports[`azureResourcesView matches snapshot 1`] = `<Component />`;
