// Jest Snapshot v1, https://goo.gl/fbAQLP

exports[`directMethod matches snapshot 1`] = `
<Fragment>
  <StyledCommandBarBase
    className="command"
    items={
      Array [
        Object {
          "ariaLabel": "directMethod.invokeMethodButtonText",
          "disabled": true,
          "iconProps": Object {
            "iconName": "Remote",
          },
          "key": "Remote",
          "name": "directMethod.invokeMethodButtonText",
          "onClick": [Function],
        },
      ]
    }
  />
  <Component
    headerText="directMethod.headerText"
    tooltip="directMethod.tooltip"
  />
  <div
    className="device-detail"
  >
    <StyledTextFieldBase
      ariaLabel="directMethod.methodName"
      label="directMethod.methodName"
      onChange={[Function]}
      placeholder="directMethod.methodNamePlaceHolder"
      required={true}
      value=""
    />
    <div
      className="method-payload"
    >
      <Component
        tooltipText="directMethod.payloadTooltip"
      >
        directMethod.payload
      </Component>
      <StyledTextFieldBase
        className="payload-input"
        multiline={true}
        onChange={[Function]}
        rows={5}
      />
      <Component
        tooltipText="directMethod.connectionTimeoutTooltip"
      >
        directMethod.connectionTimeout
      </Component>
      <StyledSliderBase
        ariaLabel="directMethod.connectionTimeout"
        max={300}
        min={0}
        onChange={[Function]}
        value={10}
      />
      <Component
        tooltipText="directMethod.responseTimeoutTooltip"
      >
        directMethod.responseTimeout
      </Component>
      <StyledSliderBase
        ariaLabel="directMethod.responseTimeout"
        max={300}
        min={10}
        onChange={[Function]}
        value={10}
      />
    </div>
  </div>
</Fragment>
`;
