// Jest Snapshot v1, https://goo.gl/fbAQLP

exports[`ListItemLocal matches snapshot for local folder 1`] = `
<Fragment>
  <ListItemLocalLabel
    repoType="LOCAL"
  />
  <StyledTextFieldBase
    ariaLabel="modelRepository.types.local.textBoxLabel"
    className="local-folder-textbox"
    errorMessage=""
    label="modelRepository.types.local.textBoxLabel"
    onChange={[Function]}
    readOnly={false}
    value="c:/models"
  />
  <CustomizedDefaultButton
    ariaLabel="modelRepository.types.local.folderPicker.command.openPicker"
    className="local-folder-launch"
    onClick={[Function]}
    text="modelRepository.types.local.folderPicker.command.openPicker"
  />
  <div
    role="dialog"
  >
    <Dialog
      dialogContentProps={
        Object {
          "subText": "modelRepository.types.local.folderPicker.dialog.subText",
        }
      }
      hidden={true}
      modalProps={
        Object {
          "className": "folder-picker-dialog",
          "isBlocking": false,
        }
      }
      onDismiss={[Function]}
      title="modelRepository.types.local.folderPicker.dialog.title"
    >
      <div
        className="folder-links"
      >
        <CustomizedDefaultButton
          ariaLabel="modelRepository.types.local.folderPicker.command.navigateToParent"
          className="folder-button"
          disabled={false}
          iconProps={
            Object {
              "iconName": "NavigateBack",
            }
          }
          onClick={[Function]}
          text="modelRepository.types.local.folderPicker.command.navigateToParent"
        />
        <div
          className="no-folders-text"
        >
          modelRepository.types.local.folderPicker.dialog.noFolderFoundText
        </div>
      </div>
      <StyledDialogFooterBase>
        <CustomizedPrimaryButton
          disabled={false}
          onClick={[Function]}
          text="modelRepository.types.local.folderPicker.command.select"
        />
        <CustomizedDefaultButton
          onClick={[Function]}
          text="modelRepository.types.local.folderPicker.command.cancel"
        />
      </StyledDialogFooterBase>
    </Dialog>
  </div>
</Fragment>
`;
