// Jest Snapshot v1, https://goo.gl/fbAQLP

exports[`interfaceNotFoundMessageBar matches snapshot 1`] = `
<div
  className="message-bar"
>
  <StyledMessageBar
    actions={
      <CustomizedMessageBarButton
        className="configure-button"
        onClick={[Function]}
      >
        deviceInterfaces.command.configure
      </CustomizedMessageBarButton>
    }
    messageBarType={0}
  >
    deviceInterfaces.interfaceNotFound
  </StyledMessageBar>
</div>
`;
