// Jest Snapshot v1, https://goo.gl/fbAQLP

exports[`components/devices/deviceEvents matches snapshot 1`] = `
<Fragment>
  <Redirect
    push={false}
    to="/"
  />
</Fragment>
`;

exports[`components/devices/deviceEvents matches snapshot 2`] = `
<Fragment>
  <div
    className="app"
  >
    <Connect(Header) />
    <div
      className="content"
    >
      <withRouter(Connect(SettingsPane)) />
      <main
        role="main"
      >
        <Route
          component={[Function]}
          exact={true}
          path="undefined"
        />
        <Route
          component={[Function]}
          exact={true}
          path="undefined/add"
        />
        <Route
          component={[Function]}
          path="undefined/detail/"
        />
      </main>
    </div>
  </div>
</Fragment>
`;
