// Jest Snapshot v1, https://goo.gl/fbAQLP

exports[`components/devices/deviceContentNav matches snapshot when there device is not pnp 1`] = `
<div
  className="view-scroll"
>
  <div
    role="navigation"
  >
    <StyledNavBase
      groups={
        Array [
          Object {
            "links": Array [
              Object {
                "key": "identity",
                "name": "deviceContent.navBar.identity",
                "url": "#undefined/identity/?id=test",
              },
              Object {
                "key": "twin",
                "name": "deviceContent.navBar.twin",
                "url": "#undefined/twin/?id=test",
              },
              Object {
                "key": "events",
                "name": "deviceContent.navBar.events",
                "url": "#undefined/events/?id=test",
              },
              Object {
                "key": "methods",
                "name": "deviceContent.navBar.methods",
                "url": "#undefined/methods/?id=test",
              },
              Object {
                "key": "cloudToDeviceMessage",
                "name": "deviceContent.navBar.cloudToDeviceMessage",
                "url": "#undefined/cloudToDeviceMessage/?id=test",
              },
            ],
            "name": "deviceContent.navBar.nonpnp",
          },
        ]
      }
      onLinkExpandClick={[Function]}
      onRenderGroupHeader={[Function]}
    />
  </div>
</div>
`;
